19:04:49 **** Incremental Build of configuration Debug for project STM32_HAL ****
make -j16 all 
arm-none-eabi-gcc "../Core/Src/config.c" -mcpu=cortex-m3 -std=gnu11 -g3 -DDEBUG -DUSE_HAL_DRIVER -DSTM32F103xB -c -I../Core/Inc -I../Drivers/STM32F1xx_HAL_Driver/Inc -I../Drivers/STM32F1xx_HAL_Driver/Inc/Legacy -I../Drivers/CMSIS/Device/ST/STM32F1xx/Include -I../Drivers/CMSIS/Include -O0 -ffunction-sections -fdata-sections -Wall -fstack-usage -MMD -MP -MF"Core/Src/config.d" -MT"Core/Src/config.o" --specs=nano.specs -mfloat-abi=soft -mthumb -o "Core/Src/config.o"
arm-none-eabi-gcc -o "STM32_HAL.elf" @"objects.list"   -mcpu=cortex-m3 -T"D:\HRT\23D_EBS\EBS_HAL\STM32_HAL\STM32_HAL\STM32F103C8TX_FLASH.ld" --specs=nosys.specs -Wl,-Map="STM32_HAL.map" -Wl,--gc-sections -static --specs=nano.specs -mfloat-abi=soft -mthumb -u _printf_float -u _scanf_float -Wl,--start-group -lc -lm -Wl,--end-group
Finished building target: STM32_HAL.elf
 
arm-none-eabi-size   STM32_HAL.elf 
arm-none-eabi-objdump -h -S  STM32_HAL.elf  > "STM32_HAL.list"
   text	   data	    bss	    dec	    hex	filename
  49148	    496	   2112	  51756	   ca2c	STM32_HAL.elf
Finished building: default.size.stdout
 
Finished building: STM32_HAL.list
 
19:05:04 **** Incremental Build of configuration Debug for project STM32_HAL ****
make -j16 all 
arm-none-eabi-size   STM32_HAL.elf 
   text	   data	    bss	    dec	    hex	filename
  49148	    496	   2112	  51756	   ca2c	STM32_HAL.elf
Finished building: default.size.stdout
 
